<?xml version="1.0" encoding="ISO-8859-1" ?>
<link_info>
   <banner>TI ARM Linker PC v20.2.7.LTS</banner>
   <copyright>Copyright (c) 1996-2018 Texas Instruments Incorporated</copyright>
   <link_time>0x687f8978</link_time>
   <link_errors>0x0</link_errors>
   <output_file>FreeRTOS_Demo.out</output_file>
   <entry_point>
      <name>_c_int00_noargs</name>
      <address>0x5f65</address>
   </entry_point>
   <input_file_list>
      <input_file id="fl-2">
         <path>.\</path>
         <kind>object</kind>
         <file>main.obj</file>
         <name>main.obj</name>
      </input_file>
      <input_file id="fl-3">
         <path>.\</path>
         <kind>object</kind>
         <file>tm4c123gh6pm_startup_ccs.obj</file>
         <name>tm4c123gh6pm_startup_ccs.obj</name>
      </input_file>
      <input_file id="fl-4">
         <path>.\HAL\LM35\</path>
         <kind>object</kind>
         <file>lm35.obj</file>
         <name>lm35.obj</name>
      </input_file>
      <input_file id="fl-5">
         <path>.\MCAL\ADC\</path>
         <kind>object</kind>
         <file>adc0.obj</file>
         <name>adc0.obj</name>
      </input_file>
      <input_file id="fl-6">
         <path>.\MCAL\GPIO\</path>
         <kind>object</kind>
         <file>gpio.obj</file>
         <name>gpio.obj</name>
      </input_file>
      <input_file id="fl-7">
         <path>.\MCAL\GPTM\</path>
         <kind>object</kind>
         <file>GPTM.obj</file>
         <name>GPTM.obj</name>
      </input_file>
      <input_file id="fl-8">
         <path>.\MCAL\UART\</path>
         <kind>object</kind>
         <file>uart0.obj</file>
         <name>uart0.obj</name>
      </input_file>
      <input_file id="fl-9">
         <path>.\Source\</path>
         <kind>object</kind>
         <file>event_groups.obj</file>
         <name>event_groups.obj</name>
      </input_file>
      <input_file id="fl-a">
         <path>.\Source\</path>
         <kind>object</kind>
         <file>list.obj</file>
         <name>list.obj</name>
      </input_file>
      <input_file id="fl-b">
         <path>.\Source\</path>
         <kind>object</kind>
         <file>queue.obj</file>
         <name>queue.obj</name>
      </input_file>
      <input_file id="fl-c">
         <path>.\Source\</path>
         <kind>object</kind>
         <file>tasks.obj</file>
         <name>tasks.obj</name>
      </input_file>
      <input_file id="fl-d">
         <path>.\Source\</path>
         <kind>object</kind>
         <file>timers.obj</file>
         <name>timers.obj</name>
      </input_file>
      <input_file id="fl-e">
         <path>.\Source\portable\CCS\ARM_CM4F\</path>
         <kind>object</kind>
         <file>port.obj</file>
         <name>port.obj</name>
      </input_file>
      <input_file id="fl-f">
         <path>.\Source\portable\CCS\ARM_CM4F\</path>
         <kind>object</kind>
         <file>portasm.obj</file>
         <name>portasm.obj</name>
      </input_file>
      <input_file id="fl-10">
         <path>.\Source\portable\MemMang\</path>
         <kind>object</kind>
         <file>heap_2.obj</file>
         <name>heap_2.obj</name>
      </input_file>
      <input_file id="fl-14">
         <kind>object</kind>
         <file>&lt;internal&gt;</file>
         <name>&lt;internal&gt;</name>
      </input_file>
      <input_file id="fl-ca">
         <path>C:\ti\ccs1281\ccs\tools\compiler\ti-cgt-arm_20.2.7.LTS\lib\</path>
         <kind>archive</kind>
         <file>rtsv7M4_T_le_v4SPD16_eabi.lib</file>
         <name>fd_div_t2.asm.obj</name>
      </input_file>
      <input_file id="fl-cb">
         <path>C:\ti\ccs1281\ccs\tools\compiler\ti-cgt-arm_20.2.7.LTS\lib\</path>
         <kind>archive</kind>
         <file>rtsv7M4_T_le_v4SPD16_eabi.lib</file>
         <name>fd_mul_t2.asm.obj</name>
      </input_file>
      <input_file id="fl-cc">
         <path>C:\ti\ccs1281\ccs\tools\compiler\ti-cgt-arm_20.2.7.LTS\lib\</path>
         <kind>archive</kind>
         <file>rtsv7M4_T_le_v4SPD16_eabi.lib</file>
         <name>fd_toi_t2.asm.obj</name>
      </input_file>
      <input_file id="fl-cd">
         <path>C:\ti\ccs1281\ccs\tools\compiler\ti-cgt-arm_20.2.7.LTS\lib\</path>
         <kind>archive</kind>
         <file>rtsv7M4_T_le_v4SPD16_eabi.lib</file>
         <name>memcpy_t2.asm.obj</name>
      </input_file>
      <input_file id="fl-ce">
         <path>C:\ti\ccs1281\ccs\tools\compiler\ti-cgt-arm_20.2.7.LTS\lib\</path>
         <kind>archive</kind>
         <file>rtsv7M4_T_le_v4SPD16_eabi.lib</file>
         <name>u_tofd_t2.asm.obj</name>
      </input_file>
      <input_file id="fl-cf">
         <path>C:\ti\ccs1281\ccs\tools\compiler\ti-cgt-arm_20.2.7.LTS\lib\</path>
         <kind>archive</kind>
         <file>rtsv7M4_T_le_v4SPD16_eabi.lib</file>
         <name>memset_t2.asm.obj</name>
      </input_file>
      <input_file id="fl-d0">
         <path>C:\ti\ccs1281\ccs\tools\compiler\ti-cgt-arm_20.2.7.LTS\lib\</path>
         <kind>archive</kind>
         <file>rtsv7M4_T_le_v4SPD16_eabi.lib</file>
         <name>ll_div_t2.asm.obj</name>
      </input_file>
      <input_file id="fl-d1">
         <path>C:\ti\ccs1281\ccs\tools\compiler\ti-cgt-arm_20.2.7.LTS\lib\</path>
         <kind>archive</kind>
         <file>rtsv7M4_T_le_v4SPD16_eabi.lib</file>
         <name>ull_div_t2.asm.obj</name>
      </input_file>
      <input_file id="fl-d2">
         <path>C:\ti\ccs1281\ccs\tools\compiler\ti-cgt-arm_20.2.7.LTS\lib\</path>
         <kind>archive</kind>
         <file>rtsv7M4_T_le_v4SPD16_eabi.lib</file>
         <name>copy_zero_init.c.obj</name>
      </input_file>
      <input_file id="fl-d3">
         <path>C:\ti\ccs1281\ccs\tools\compiler\ti-cgt-arm_20.2.7.LTS\lib\</path>
         <kind>archive</kind>
         <file>rtsv7M4_T_le_v4SPD16_eabi.lib</file>
         <name>copy_decompress_none.c.obj</name>
      </input_file>
      <input_file id="fl-d4">
         <path>C:\ti\ccs1281\ccs\tools\compiler\ti-cgt-arm_20.2.7.LTS\lib\</path>
         <kind>archive</kind>
         <file>rtsv7M4_T_le_v4SPD16_eabi.lib</file>
         <name>copy_decompress_lzss.c.obj</name>
      </input_file>
      <input_file id="fl-d5">
         <path>C:\ti\ccs1281\ccs\tools\compiler\ti-cgt-arm_20.2.7.LTS\lib\</path>
         <kind>archive</kind>
         <file>rtsv7M4_T_le_v4SPD16_eabi.lib</file>
         <name>boot_cortex_m.c.obj</name>
      </input_file>
      <input_file id="fl-d6">
         <path>C:\ti\ccs1281\ccs\tools\compiler\ti-cgt-arm_20.2.7.LTS\lib\</path>
         <kind>archive</kind>
         <file>rtsv7M4_T_le_v4SPD16_eabi.lib</file>
         <name>div0.asm.obj</name>
      </input_file>
      <input_file id="fl-d7">
         <path>C:\ti\ccs1281\ccs\tools\compiler\ti-cgt-arm_20.2.7.LTS\lib\</path>
         <kind>archive</kind>
         <file>rtsv7M4_T_le_v4SPD16_eabi.lib</file>
         <name>autoinit.c.obj</name>
      </input_file>
      <input_file id="fl-d8">
         <path>C:\ti\ccs1281\ccs\tools\compiler\ti-cgt-arm_20.2.7.LTS\lib\</path>
         <kind>archive</kind>
         <file>rtsv7M4_T_le_v4SPD16_eabi.lib</file>
         <name>pre_init.c.obj</name>
      </input_file>
      <input_file id="fl-d9">
         <path>C:\ti\ccs1281\ccs\tools\compiler\ti-cgt-arm_20.2.7.LTS\lib\</path>
         <kind>archive</kind>
         <file>rtsv7M4_T_le_v4SPD16_eabi.lib</file>
         <name>cpy_tbl.c.obj</name>
      </input_file>
      <input_file id="fl-da">
         <path>C:\ti\ccs1281\ccs\tools\compiler\ti-cgt-arm_20.2.7.LTS\lib\</path>
         <kind>archive</kind>
         <file>rtsv7M4_T_le_v4SPD16_eabi.lib</file>
         <name>exit.c.obj</name>
      </input_file>
      <input_file id="fl-db">
         <path>C:\ti\ccs1281\ccs\tools\compiler\ti-cgt-arm_20.2.7.LTS\lib\</path>
         <kind>archive</kind>
         <file>rtsv7M4_T_le_v4SPD16_eabi.lib</file>
         <name>_lock.c.obj</name>
      </input_file>
      <input_file id="fl-dc">
         <path>C:\ti\ccs1281\ccs\tools\compiler\ti-cgt-arm_20.2.7.LTS\lib\</path>
         <kind>archive</kind>
         <file>rtsv7M4_T_le_v4SPD16_eabi.lib</file>
         <name>args_main.c.obj</name>
      </input_file>
   </input_file_list>
   <object_component_list>
      <object_component id="oc-12">
         <name>.intvecs</name>
         <load_address>0x0</load_address>
         <run_address>0x0</run_address>
         <size>0x26c</size>
         <input_file_ref idref="fl-3"/>
      </object_component>
      <object_component id="oc-85">
         <name>.text</name>
         <load_address>0x26c</load_address>
         <run_address>0x26c</run_address>
         <size>0x20d4</size>
         <input_file_ref idref="fl-c"/>
      </object_component>
      <object_component id="oc-153">
         <name>.text</name>
         <load_address>0x2340</load_address>
         <run_address>0x2340</run_address>
         <size>0x100e</size>
         <input_file_ref idref="fl-b"/>
      </object_component>
      <object_component id="oc-2ac">
         <name>.text</name>
         <load_address>0x334e</load_address>
         <run_address>0x334e</run_address>
         <size>0x2</size>
         <input_file_ref idref="fl-d6"/>
      </object_component>
      <object_component id="oc-d2">
         <name>.text</name>
         <load_address>0x3350</load_address>
         <run_address>0x3350</run_address>
         <size>0xaf8</size>
         <input_file_ref idref="fl-2"/>
      </object_component>
      <object_component id="oc-100">
         <name>.text</name>
         <load_address>0x3e48</load_address>
         <run_address>0x3e48</run_address>
         <size>0x7bc</size>
         <input_file_ref idref="fl-d"/>
      </object_component>
      <object_component id="oc-159">
         <name>.text</name>
         <load_address>0x4604</load_address>
         <run_address>0x4604</run_address>
         <size>0x4fe</size>
         <input_file_ref idref="fl-9"/>
      </object_component>
      <object_component id="oc-38">
         <name>.text</name>
         <load_address>0x4b04</load_address>
         <run_address>0x4b04</run_address>
         <size>0x488</size>
         <input_file_ref idref="fl-6"/>
      </object_component>
      <object_component id="oc-32">
         <name>.text</name>
         <load_address>0x4f8c</load_address>
         <run_address>0x4f8c</run_address>
         <size>0x2b4</size>
         <input_file_ref idref="fl-e"/>
      </object_component>
      <object_component id="oc-ee">
         <name>.text</name>
         <load_address>0x5240</load_address>
         <run_address>0x5240</run_address>
         <size>0x28c</size>
         <input_file_ref idref="fl-10"/>
      </object_component>
      <object_component id="oc-15f">
         <name>.text</name>
         <load_address>0x54cc</load_address>
         <run_address>0x54cc</run_address>
         <size>0x1c8</size>
         <input_file_ref idref="fl-8"/>
      </object_component>
      <object_component id="oc-258">
         <name>.text</name>
         <load_address>0x5694</load_address>
         <run_address>0x5694</run_address>
         <size>0x136</size>
         <input_file_ref idref="fl-ca"/>
      </object_component>
      <object_component id="oc-f4">
         <name>.text</name>
         <load_address>0x57ca</load_address>
         <run_address>0x57ca</run_address>
         <size>0x12a</size>
         <input_file_ref idref="fl-a"/>
      </object_component>
      <object_component id="oc-253">
         <name>.text</name>
         <load_address>0x58f4</load_address>
         <run_address>0x58f4</run_address>
         <size>0xfc</size>
         <input_file_ref idref="fl-cb"/>
      </object_component>
      <object_component id="oc-165">
         <name>.text</name>
         <load_address>0x59f0</load_address>
         <run_address>0x59f0</run_address>
         <size>0xe0</size>
         <input_file_ref idref="fl-5"/>
      </object_component>
      <object_component id="oc-2d">
         <name>.text</name>
         <load_address>0x5ad0</load_address>
         <run_address>0x5ad0</run_address>
         <size>0xda</size>
         <input_file_ref idref="fl-f"/>
      </object_component>
      <object_component id="oc-4c">
         <name>.text</name>
         <load_address>0x5baa</load_address>
         <run_address>0x5baa</run_address>
         <size>0x9c</size>
         <input_file_ref idref="fl-cd"/>
      </object_component>
      <object_component id="oc-2b1">
         <name>.text</name>
         <load_address>0x5c46</load_address>
         <run_address>0x5c46</run_address>
         <size>0x96</size>
         <input_file_ref idref="fl-d1"/>
      </object_component>
      <object_component id="oc-c6">
         <name>.text</name>
         <load_address>0x5cdc</load_address>
         <run_address>0x5cdc</run_address>
         <size>0x7a</size>
         <input_file_ref idref="fl-cf"/>
      </object_component>
      <object_component id="oc-23d">
         <name>.text</name>
         <load_address>0x5d56</load_address>
         <run_address>0x5d56</run_address>
         <size>0x6e</size>
         <input_file_ref idref="fl-d0"/>
      </object_component>
      <object_component id="oc-15">
         <name>.text:decompress:lzss:__TI_decompress_lzss</name>
         <load_address>0x5dc4</load_address>
         <run_address>0x5dc4</run_address>
         <size>0x68</size>
         <input_file_ref idref="fl-d4"/>
      </object_component>
      <object_component id="oc-17d">
         <name>.text</name>
         <load_address>0x5e2c</load_address>
         <run_address>0x5e2c</run_address>
         <size>0x58</size>
         <input_file_ref idref="fl-4"/>
      </object_component>
      <object_component id="oc-106">
         <name>.text</name>
         <load_address>0x5e84</load_address>
         <run_address>0x5e84</run_address>
         <size>0x54</size>
         <input_file_ref idref="fl-7"/>
      </object_component>
      <object_component id="oc-25d">
         <name>.text</name>
         <load_address>0x5ed8</load_address>
         <run_address>0x5ed8</run_address>
         <size>0x48</size>
         <input_file_ref idref="fl-cc"/>
      </object_component>
      <object_component id="oc-19a">
         <name>.text:__TI_auto_init_nobinit_nopinit:__TI_auto_init_nobinit_nopinit</name>
         <load_address>0x5f20</load_address>
         <run_address>0x5f20</run_address>
         <size>0x44</size>
         <input_file_ref idref="fl-d7"/>
      </object_component>
      <object_component id="oc-6a">
         <name>.text:_c_int00_noargs:_c_int00_noargs</name>
         <load_address>0x5f64</load_address>
         <run_address>0x5f64</run_address>
         <size>0x34</size>
         <input_file_ref idref="fl-d5"/>
      </object_component>
      <object_component id="oc-24e">
         <name>.text</name>
         <load_address>0x5f98</load_address>
         <run_address>0x5f98</run_address>
         <size>0x20</size>
         <input_file_ref idref="fl-ce"/>
      </object_component>
      <object_component id="oc-1b">
         <name>.text:decompress:none:__TI_decompress_none</name>
         <load_address>0x5fb8</load_address>
         <run_address>0x5fb8</run_address>
         <size>0xe</size>
         <input_file_ref idref="fl-d3"/>
      </object_component>
      <object_component id="oc-5e">
         <name>.text:decompress:ZI:__TI_zero_init</name>
         <load_address>0x5fc6</load_address>
         <run_address>0x5fc6</run_address>
         <size>0xc</size>
         <input_file_ref idref="fl-d2"/>
      </object_component>
      <object_component id="oc-27">
         <name>.text</name>
         <load_address>0x5fd2</load_address>
         <run_address>0x5fd2</run_address>
         <size>0xc</size>
         <input_file_ref idref="fl-3"/>
      </object_component>
      <object_component id="oc-cc">
         <name>.text:_system_pre_init</name>
         <load_address>0x5fde</load_address>
         <run_address>0x5fde</run_address>
         <size>0x4</size>
         <input_file_ref idref="fl-d8"/>
      </object_component>
      <object_component id="oc-18e">
         <name>.text:abort:abort</name>
         <load_address>0x5fe2</load_address>
         <run_address>0x5fe2</run_address>
         <size>0x4</size>
         <input_file_ref idref="fl-da"/>
      </object_component>
      <object_component id="oc-82">
         <name>.const</name>
         <load_address>0x5fe8</load_address>
         <run_address>0x5fe8</run_address>
         <size>0x8</size>
         <input_file_ref idref="fl-e"/>
      </object_component>
      <object_component id="oc-112">
         <name>.const</name>
         <load_address>0x5ff0</load_address>
         <run_address>0x5ff0</run_address>
         <size>0x4</size>
         <input_file_ref idref="fl-c"/>
      </object_component>
      <object_component id="oc-31a">
         <name>.cinit..data.load</name>
         <load_address>0x5ff8</load_address>
         <run_address>0x5ff8</run_address>
         <size>0x1d</size>
      </object_component>
      <object_component id="oc-318">
         <name>__TI_handler_table</name>
         <load_address>0x6018</load_address>
         <run_address>0x6018</run_address>
         <size>0xc</size>
      </object_component>
      <object_component id="oc-31b">
         <name>.cinit..bss.load</name>
         <load_address>0x6028</load_address>
         <run_address>0x6028</run_address>
         <size>0x8</size>
      </object_component>
      <object_component id="oc-319">
         <name>__TI_cinit_table</name>
         <load_address>0x6030</load_address>
         <run_address>0x6030</run_address>
         <size>0x10</size>
      </object_component>
      <object_component id="oc-16e">
         <name>.data:passenger_seat</name>
         <load_address>0x20002418</load_address>
         <run_address>0x20002418</run_address>
         <size>0x10</size>
         <input_file_ref idref="fl-2"/>
      </object_component>
      <object_component id="oc-171">
         <name>.data:driver_seat</name>
         <load_address>0x20002408</load_address>
         <run_address>0x20002408</run_address>
         <size>0x10</size>
         <input_file_ref idref="fl-2"/>
      </object_component>
      <object_component id="oc-7f">
         <name>.data</name>
         <load_address>0x200023d8</load_address>
         <run_address>0x200023d8</run_address>
         <size>0x30</size>
         <input_file_ref idref="fl-c"/>
      </object_component>
      <object_component id="oc-1fb">
         <name>.data</name>
         <load_address>0x20002434</load_address>
         <run_address>0x20002434</run_address>
         <size>0xc</size>
         <input_file_ref idref="fl-d"/>
      </object_component>
      <object_component id="oc-8c">
         <name>.data</name>
         <load_address>0x20002428</load_address>
         <run_address>0x20002428</run_address>
         <size>0xc</size>
         <input_file_ref idref="fl-e"/>
      </object_component>
      <object_component id="oc-1e7">
         <name>.data</name>
         <load_address>0x20002440</load_address>
         <run_address>0x20002440</run_address>
         <size>0x8</size>
         <input_file_ref idref="fl-10"/>
      </object_component>
      <object_component id="oc-a0">
         <name>.bss</name>
         <uninitialized>true</uninitialized>
         <run_address>0x2000217c</run_address>
         <size>0x8</size>
         <input_file_ref idref="fl-6"/>
      </object_component>
      <object_component id="oc-fa">
         <name>.bss:pxReadyTasksLists</name>
         <uninitialized>true</uninitialized>
         <run_address>0x20002000</run_address>
         <size>0x64</size>
         <input_file_ref idref="fl-c"/>
      </object_component>
      <object_component id="oc-11b">
         <name>.bss:xDelayedTaskList1</name>
         <uninitialized>true</uninitialized>
         <run_address>0x2000212c</run_address>
         <size>0x14</size>
         <input_file_ref idref="fl-c"/>
      </object_component>
      <object_component id="oc-11e">
         <name>.bss:xDelayedTaskList2</name>
         <uninitialized>true</uninitialized>
         <run_address>0x20002140</run_address>
         <size>0x14</size>
         <input_file_ref idref="fl-c"/>
      </object_component>
      <object_component id="oc-115">
         <name>.bss</name>
         <uninitialized>true</uninitialized>
         <run_address>0x20002184</run_address>
         <size>0x8</size>
         <input_file_ref idref="fl-c"/>
      </object_component>
      <object_component id="oc-10c">
         <name>.bss:xPendingReadyList</name>
         <uninitialized>true</uninitialized>
         <run_address>0x20002154</run_address>
         <size>0x14</size>
         <input_file_ref idref="fl-c"/>
      </object_component>
      <object_component id="oc-fd">
         <name>.bss:xSuspendedTaskList</name>
         <uninitialized>true</uninitialized>
         <run_address>0x20002168</run_address>
         <size>0x14</size>
         <input_file_ref idref="fl-c"/>
      </object_component>
      <object_component id="oc-201">
         <name>.bss:xActiveTimerList1</name>
         <uninitialized>true</uninitialized>
         <run_address>0x20002104</run_address>
         <size>0x14</size>
         <input_file_ref idref="fl-d"/>
      </object_component>
      <object_component id="oc-204">
         <name>.bss:xActiveTimerList2</name>
         <uninitialized>true</uninitialized>
         <run_address>0x20002118</run_address>
         <size>0x14</size>
         <input_file_ref idref="fl-d"/>
      </object_component>
      <object_component id="oc-1fe">
         <name>.bss</name>
         <uninitialized>true</uninitialized>
         <run_address>0x2000218c</run_address>
         <size>0x8</size>
         <input_file_ref idref="fl-d"/>
      </object_component>
      <object_component id="oc-1f0">
         <name>.bss:ucHeap</name>
         <uninitialized>true</uninitialized>
         <run_address>0x20000000</run_address>
         <size>0x2000</size>
         <input_file_ref idref="fl-10"/>
      </object_component>
      <object_component id="oc-1ea">
         <name>.bss:xStart</name>
         <uninitialized>true</uninitialized>
         <run_address>0x2000219c</run_address>
         <size>0x8</size>
         <input_file_ref idref="fl-10"/>
      </object_component>
      <object_component id="oc-1ed">
         <name>.bss:xEnd</name>
         <uninitialized>true</uninitialized>
         <run_address>0x20002194</run_address>
         <size>0x8</size>
         <input_file_ref idref="fl-10"/>
      </object_component>
      <object_component id="oc-16d">
         <name>.common:xButtonEventGroup</name>
         <uninitialized>true</uninitialized>
         <run_address>0x200021a8</run_address>
         <size>0x4</size>
      </object_component>
      <object_component id="oc-16b">
         <name>.common:xADC0Mutex</name>
         <uninitialized>true</uninitialized>
         <run_address>0x200021a4</run_address>
         <size>0x4</size>
      </object_component>
      <object_component id="oc-16c">
         <name>.common:xUART0Mutex</name>
         <uninitialized>true</uninitialized>
         <run_address>0x200021d0</run_address>
         <size>0x4</size>
      </object_component>
      <object_component id="oc-174">
         <name>.common:xRuntimeMeasurementsTaskHandle</name>
         <uninitialized>true</uninitialized>
         <run_address>0x200021cc</run_address>
         <size>0x4</size>
      </object_component>
      <object_component id="oc-175">
         <name>.common:xCheckPassengerTempTaskHandle</name>
         <uninitialized>true</uninitialized>
         <run_address>0x200021b0</run_address>
         <size>0x4</size>
      </object_component>
      <object_component id="oc-176">
         <name>.common:xCheckDriverTempTaskHandle</name>
         <uninitialized>true</uninitialized>
         <run_address>0x200021ac</run_address>
         <size>0x4</size>
      </object_component>
      <object_component id="oc-177">
         <name>.common:xDisplayPassengerStatusTaskHandle</name>
         <uninitialized>true</uninitialized>
         <run_address>0x200021c0</run_address>
         <size>0x4</size>
      </object_component>
      <object_component id="oc-178">
         <name>.common:xDisplayDriverStatusTaskHandle</name>
         <uninitialized>true</uninitialized>
         <run_address>0x200021bc</run_address>
         <size>0x4</size>
      </object_component>
      <object_component id="oc-179">
         <name>.common:xPassengerHeaterSetLevelTaskHandle</name>
         <uninitialized>true</uninitialized>
         <run_address>0x200021c8</run_address>
         <size>0x4</size>
      </object_component>
      <object_component id="oc-17a">
         <name>.common:xDriverHeaterSetLevelTaskHandle</name>
         <uninitialized>true</uninitialized>
         <run_address>0x200021c4</run_address>
         <size>0x4</size>
      </object_component>
      <object_component id="oc-17b">
         <name>.common:xControlPassengerHeaterTaskHandle</name>
         <uninitialized>true</uninitialized>
         <run_address>0x200021b8</run_address>
         <size>0x4</size>
      </object_component>
      <object_component id="oc-17c">
         <name>.common:xControlDriverHeaterTaskHandle</name>
         <uninitialized>true</uninitialized>
         <run_address>0x200021b4</run_address>
         <size>0x4</size>
      </object_component>
      <object_component id="oc-118">
         <name>.common:ullTasksOutTime</name>
         <uninitialized>true</uninitialized>
         <run_address>0x200020b4</run_address>
         <size>0x28</size>
      </object_component>
      <object_component id="oc-10f">
         <name>.common:ullTasksInTime</name>
         <uninitialized>true</uninitialized>
         <run_address>0x2000208c</run_address>
         <size>0x28</size>
      </object_component>
      <object_component id="oc-11a">
         <name>.common:ullTasksTotalTime</name>
         <uninitialized>true</uninitialized>
         <run_address>0x200020dc</run_address>
         <size>0x28</size>
      </object_component>
      <object_component id="oc-119">
         <name>.common:ullTasksExecutionTime</name>
         <uninitialized>true</uninitialized>
         <run_address>0x20002064</run_address>
         <size>0x28</size>
      </object_component>
      <object_component id="oc-24">
         <name>.stack</name>
         <uninitialized>true</uninitialized>
         <run_address>0x200021d8</run_address>
         <size>0x4</size>
         <input_file_ref idref="fl-d5"/>
      </object_component>
      <object_component id="oc-31d">
         <name>.stack</name>
         <uninitialized>true</uninitialized>
         <run_address>0x200021d8</run_address>
         <size>0x0</size>
      </object_component>
      <object_component id="oc-110">
         <name>.debug_info</name>
         <load_address>0x0</load_address>
         <run_address>0x0</run_address>
         <size>0x1091</size>
         <input_file_ref idref="fl-2"/>
      </object_component>
      <object_component id="oc-16f">
         <name>.debug_info</name>
         <load_address>0x1091</load_address>
         <run_address>0x1091</run_address>
         <size>0x11f</size>
         <input_file_ref idref="fl-2"/>
      </object_component>
      <object_component id="oc-172">
         <name>.debug_info</name>
         <load_address>0x11b0</load_address>
         <run_address>0x11b0</run_address>
         <size>0x119</size>
         <input_file_ref idref="fl-2"/>
      </object_component>
      <object_component id="oc-d3">
         <name>.debug_info</name>
         <load_address>0x12c9</load_address>
         <run_address>0x12c9</run_address>
         <size>0x1354</size>
         <input_file_ref idref="fl-2"/>
      </object_component>
      <object_component id="oc-218">
         <name>.debug_info</name>
         <load_address>0x261d</load_address>
         <run_address>0x261d</run_address>
         <size>0xeb</size>
         <input_file_ref idref="fl-2"/>
      </object_component>
      <object_component id="oc-184">
         <name>.debug_info</name>
         <load_address>0x2708</load_address>
         <run_address>0x2708</run_address>
         <size>0x6c</size>
         <input_file_ref idref="fl-2"/>
      </object_component>
      <object_component id="oc-12b">
         <name>.debug_info</name>
         <load_address>0x2774</load_address>
         <run_address>0x2774</run_address>
         <size>0x315</size>
         <input_file_ref idref="fl-2"/>
      </object_component>
      <object_component id="oc-245">
         <name>.debug_info</name>
         <load_address>0x2a89</load_address>
         <run_address>0x2a89</run_address>
         <size>0x48</size>
         <input_file_ref idref="fl-2"/>
      </object_component>
      <object_component id="oc-ac">
         <name>.debug_info</name>
         <load_address>0x2ad1</load_address>
         <run_address>0x2ad1</run_address>
         <size>0x26b</size>
         <input_file_ref idref="fl-2"/>
      </object_component>
      <object_component id="oc-135">
         <name>.debug_info</name>
         <load_address>0x2d3c</load_address>
         <run_address>0x2d3c</run_address>
         <size>0x3f8</size>
         <input_file_ref idref="fl-2"/>
      </object_component>
      <object_component id="oc-189">
         <name>.debug_info</name>
         <load_address>0x3134</load_address>
         <run_address>0x3134</run_address>
         <size>0x42</size>
         <input_file_ref idref="fl-2"/>
      </object_component>
      <object_component id="oc-21d">
         <name>.debug_info</name>
         <load_address>0x3176</load_address>
         <run_address>0x3176</run_address>
         <size>0x4f</size>
         <input_file_ref idref="fl-2"/>
      </object_component>
      <object_component id="oc-222">
         <name>.debug_info</name>
         <load_address>0x31c5</load_address>
         <run_address>0x31c5</run_address>
         <size>0x2c</size>
         <input_file_ref idref="fl-2"/>
      </object_component>
      <object_component id="oc-47">
         <name>.debug_info</name>
         <load_address>0x31f1</load_address>
         <run_address>0x31f1</run_address>
         <size>0x84</size>
         <input_file_ref idref="fl-2"/>
      </object_component>
      <object_component id="oc-91">
         <name>.debug_info</name>
         <load_address>0x3275</load_address>
         <run_address>0x3275</run_address>
         <size>0x2c</size>
         <input_file_ref idref="fl-2"/>
      </object_component>
      <object_component id="oc-1ce">
         <name>.debug_info</name>
         <load_address>0x32a1</load_address>
         <run_address>0x32a1</run_address>
         <size>0x4f</size>
         <input_file_ref idref="fl-2"/>
      </object_component>
      <object_component id="oc-13a">
         <name>.debug_info</name>
         <load_address>0x32f0</load_address>
         <run_address>0x32f0</run_address>
         <size>0x2a4</size>
         <input_file_ref idref="fl-2"/>
      </object_component>
      <object_component id="oc-9b">
         <name>.debug_info</name>
         <load_address>0x3594</load_address>
         <run_address>0x3594</run_address>
         <size>0xbb</size>
         <input_file_ref idref="fl-2"/>
      </object_component>
      <object_component id="oc-a5">
         <name>.debug_info</name>
         <load_address>0x364f</load_address>
         <run_address>0x364f</run_address>
         <size>0xae</size>
         <input_file_ref idref="fl-2"/>
      </object_component>
      <object_component id="oc-126">
         <name>.debug_info</name>
         <load_address>0x36fd</load_address>
         <run_address>0x36fd</run_address>
         <size>0x53</size>
         <input_file_ref idref="fl-2"/>
      </object_component>
      <object_component id="oc-96">
         <name>.debug_info</name>
         <load_address>0x3750</load_address>
         <run_address>0x3750</run_address>
         <size>0x53</size>
         <input_file_ref idref="fl-2"/>
      </object_component>
      <object_component id="oc-130">
         <name>.debug_info</name>
         <load_address>0x37a3</load_address>
         <run_address>0x37a3</run_address>
         <size>0x14c</size>
         <input_file_ref idref="fl-2"/>
      </object_component>
      <object_component id="oc-40">
         <name>.debug_info</name>
         <load_address>0x38ef</load_address>
         <run_address>0x38ef</run_address>
         <size>0x3c4</size>
         <input_file_ref idref="fl-3"/>
      </object_component>
      <object_component id="oc-13">
         <name>.debug_info</name>
         <load_address>0x3cb3</load_address>
         <run_address>0x3cb3</run_address>
         <size>0x12f</size>
         <input_file_ref idref="fl-3"/>
      </object_component>
      <object_component id="oc-29">
         <name>.debug_info</name>
         <load_address>0x3de2</load_address>
         <run_address>0x3de2</run_address>
         <size>0x2ab</size>
         <input_file_ref idref="fl-3"/>
      </object_component>
      <object_component id="oc-17e">
         <name>.debug_info</name>
         <load_address>0x408d</load_address>
         <run_address>0x408d</run_address>
         <size>0x24a</size>
         <input_file_ref idref="fl-4"/>
      </object_component>
      <object_component id="oc-169">
         <name>.debug_info</name>
         <load_address>0x42d7</load_address>
         <run_address>0x42d7</run_address>
         <size>0x285</size>
         <input_file_ref idref="fl-5"/>
      </object_component>
      <object_component id="oc-a4">
         <name>.debug_info</name>
         <load_address>0x455c</load_address>
         <run_address>0x455c</run_address>
         <size>0x2a7</size>
         <input_file_ref idref="fl-6"/>
      </object_component>
      <object_component id="oc-a1">
         <name>.debug_info</name>
         <load_address>0x4803</load_address>
         <run_address>0x4803</run_address>
         <size>0x174</size>
         <input_file_ref idref="fl-6"/>
      </object_component>
      <object_component id="oc-3c">
         <name>.debug_info</name>
         <load_address>0x4977</load_address>
         <run_address>0x4977</run_address>
         <size>0xc26</size>
         <input_file_ref idref="fl-6"/>
      </object_component>
      <object_component id="oc-107">
         <name>.debug_info</name>
         <load_address>0x559d</load_address>
         <run_address>0x559d</run_address>
         <size>0x1d6</size>
         <input_file_ref idref="fl-7"/>
      </object_component>
      <object_component id="oc-243">
         <name>.debug_info</name>
         <load_address>0x5773</load_address>
         <run_address>0x5773</run_address>
         <size>0x2b0</size>
         <input_file_ref idref="fl-8"/>
      </object_component>
      <object_component id="oc-161">
         <name>.debug_info</name>
         <load_address>0x5a23</load_address>
         <run_address>0x5a23</run_address>
         <size>0x4b0</size>
         <input_file_ref idref="fl-8"/>
      </object_component>
      <object_component id="oc-23c">
         <name>.debug_info</name>
         <load_address>0x5ed3</load_address>
         <run_address>0x5ed3</run_address>
         <size>0x6c1</size>
         <input_file_ref idref="fl-9"/>
      </object_component>
      <object_component id="oc-15b">
         <name>.debug_info</name>
         <load_address>0x6594</load_address>
         <run_address>0x6594</run_address>
         <size>0x131b</size>
         <input_file_ref idref="fl-9"/>
      </object_component>
      <object_component id="oc-1d3">
         <name>.debug_info</name>
         <load_address>0x78af</load_address>
         <run_address>0x78af</run_address>
         <size>0x110</size>
         <input_file_ref idref="fl-9"/>
      </object_component>
      <object_component id="oc-1e2">
         <name>.debug_info</name>
         <load_address>0x79bf</load_address>
         <run_address>0x79bf</run_address>
         <size>0x3f8</size>
         <input_file_ref idref="fl-9"/>
      </object_component>
      <object_component id="oc-2a7">
         <name>.debug_info</name>
         <load_address>0x7db7</load_address>
         <run_address>0x7db7</run_address>
         <size>0x62</size>
         <input_file_ref idref="fl-9"/>
      </object_component>
      <object_component id="oc-237">
         <name>.debug_info</name>
         <load_address>0x7e19</load_address>
         <run_address>0x7e19</run_address>
         <size>0x39</size>
         <input_file_ref idref="fl-9"/>
      </object_component>
      <object_component id="oc-1f6">
         <name>.debug_info</name>
         <load_address>0x7e52</load_address>
         <run_address>0x7e52</run_address>
         <size>0x3bf</size>
         <input_file_ref idref="fl-a"/>
      </object_component>
      <object_component id="oc-f5">
         <name>.debug_info</name>
         <load_address>0x8211</load_address>
         <run_address>0x8211</run_address>
         <size>0x4d5</size>
         <input_file_ref idref="fl-a"/>
      </object_component>
      <object_component id="oc-235">
         <name>.debug_info</name>
         <load_address>0x86e6</load_address>
         <run_address>0x86e6</run_address>
         <size>0x925</size>
         <input_file_ref idref="fl-b"/>
      </object_component>
      <object_component id="oc-154">
         <name>.debug_info</name>
         <load_address>0x900b</load_address>
         <run_address>0x900b</run_address>
         <size>0x3057</size>
         <input_file_ref idref="fl-b"/>
      </object_component>
      <object_component id="oc-2a0">
         <name>.debug_info</name>
         <load_address>0xc062</load_address>
         <run_address>0xc062</run_address>
         <size>0x1c7</size>
         <input_file_ref idref="fl-b"/>
      </object_component>
      <object_component id="oc-230">
         <name>.debug_info</name>
         <load_address>0xc229</load_address>
         <run_address>0xc229</run_address>
         <size>0x46</size>
         <input_file_ref idref="fl-b"/>
      </object_component>
      <object_component id="oc-1d8">
         <name>.debug_info</name>
         <load_address>0xc26f</load_address>
         <run_address>0xc26f</run_address>
         <size>0x35</size>
         <input_file_ref idref="fl-b"/>
      </object_component>
      <object_component id="oc-e6">
         <name>.debug_info</name>
         <load_address>0xc2a4</load_address>
         <run_address>0xc2a4</run_address>
         <size>0x90c</size>
         <input_file_ref idref="fl-c"/>
      </object_component>
      <object_component id="oc-80">
         <name>.debug_info</name>
         <load_address>0xcbb0</load_address>
         <run_address>0xcbb0</run_address>
         <size>0x33b</size>
         <input_file_ref idref="fl-c"/>
      </object_component>
      <object_component id="oc-fb">
         <name>.debug_info</name>
         <load_address>0xceeb</load_address>
         <run_address>0xceeb</run_address>
         <size>0x12d</size>
         <input_file_ref idref="fl-c"/>
      </object_component>
      <object_component id="oc-11c">
         <name>.debug_info</name>
         <load_address>0xd018</load_address>
         <run_address>0xd018</run_address>
         <size>0x12d</size>
         <input_file_ref idref="fl-c"/>
      </object_component>
      <object_component id="oc-11f">
         <name>.debug_info</name>
         <load_address>0xd145</load_address>
         <run_address>0xd145</run_address>
         <size>0x12d</size>
         <input_file_ref idref="fl-c"/>
      </object_component>
      <object_component id="oc-116">
         <name>.debug_info</name>
         <load_address>0xd272</load_address>
         <run_address>0xd272</run_address>
         <size>0x170</size>
         <input_file_ref idref="fl-c"/>
      </object_component>
      <object_component id="oc-10d">
         <name>.debug_info</name>
         <load_address>0xd3e2</load_address>
         <run_address>0xd3e2</run_address>
         <size>0x12d</size>
         <input_file_ref idref="fl-c"/>
      </object_component>
      <object_component id="oc-fe">
         <name>.debug_info</name>
         <load_address>0xd50f</load_address>
         <run_address>0xd50f</run_address>
         <size>0x12f</size>
         <input_file_ref idref="fl-c"/>
      </object_component>
      <object_component id="oc-113">
         <name>.debug_info</name>
         <load_address>0xd63e</load_address>
         <run_address>0xd63e</run_address>
         <size>0x12e</size>
         <input_file_ref idref="fl-c"/>
      </object_component>
      <object_component id="oc-86">
         <name>.debug_info</name>
         <load_address>0xd76c</load_address>
         <run_address>0xd76c</run_address>
         <size>0x46c1</size>
         <input_file_ref idref="fl-c"/>
      </object_component>
      <object_component id="oc-e7">
         <name>.debug_info</name>
         <load_address>0x11e2d</load_address>
         <run_address>0x11e2d</run_address>
         <size>0x30c</size>
         <input_file_ref idref="fl-c"/>
      </object_component>
      <object_component id="oc-1dd">
         <name>.debug_info</name>
         <load_address>0x12139</load_address>
         <run_address>0x12139</run_address>
         <size>0x130</size>
         <input_file_ref idref="fl-c"/>
      </object_component>
      <object_component id="oc-20d">
         <name>.debug_info</name>
         <load_address>0x12269</load_address>
         <run_address>0x12269</run_address>
         <size>0x870</size>
         <input_file_ref idref="fl-d"/>
      </object_component>
      <object_component id="oc-202">
         <name>.debug_info</name>
         <load_address>0x12ad9</load_address>
         <run_address>0x12ad9</run_address>
         <size>0x12d</size>
         <input_file_ref idref="fl-d"/>
      </object_component>
      <object_component id="oc-205">
         <name>.debug_info</name>
         <load_address>0x12c06</load_address>
         <run_address>0x12c06</run_address>
         <size>0x12d</size>
         <input_file_ref idref="fl-d"/>
      </object_component>
      <object_component id="oc-1ff">
         <name>.debug_info</name>
         <load_address>0x12d33</load_address>
         <run_address>0x12d33</run_address>
         <size>0x165</size>
         <input_file_ref idref="fl-d"/>
      </object_component>
      <object_component id="oc-1fc">
         <name>.debug_info</name>
         <load_address>0x12e98</load_address>
         <run_address>0x12e98</run_address>
         <size>0x151</size>
         <input_file_ref idref="fl-d"/>
      </object_component>
      <object_component id="oc-101">
         <name>.debug_info</name>
         <load_address>0x12fe9</load_address>
         <run_address>0x12fe9</run_address>
         <size>0x2214</size>
         <input_file_ref idref="fl-d"/>
      </object_component>
      <object_component id="oc-20e">
         <name>.debug_info</name>
         <load_address>0x151fd</load_address>
         <run_address>0x151fd</run_address>
         <size>0x1ce</size>
         <input_file_ref idref="fl-d"/>
      </object_component>
      <object_component id="oc-208">
         <name>.debug_info</name>
         <load_address>0x153cb</load_address>
         <run_address>0x153cb</run_address>
         <size>0x46</size>
         <input_file_ref idref="fl-d"/>
      </object_component>
      <object_component id="oc-90">
         <name>.debug_info</name>
         <load_address>0x15411</load_address>
         <run_address>0x15411</run_address>
         <size>0x4a6</size>
         <input_file_ref idref="fl-e"/>
      </object_component>
      <object_component id="oc-83">
         <name>.debug_info</name>
         <load_address>0x158b7</load_address>
         <run_address>0x158b7</run_address>
         <size>0x1a2</size>
         <input_file_ref idref="fl-e"/>
      </object_component>
      <object_component id="oc-8d">
         <name>.debug_info</name>
         <load_address>0x15a59</load_address>
         <run_address>0x15a59</run_address>
         <size>0x1ad</size>
         <input_file_ref idref="fl-e"/>
      </object_component>
      <object_component id="oc-33">
         <name>.debug_info</name>
         <load_address>0x15c06</load_address>
         <run_address>0x15c06</run_address>
         <size>0x897</size>
         <input_file_ref idref="fl-e"/>
      </object_component>
      <object_component id="oc-2e">
         <name>.debug_info</name>
         <load_address>0x1649d</load_address>
         <run_address>0x1649d</run_address>
         <size>0x28f</size>
         <input_file_ref idref="fl-f"/>
      </object_component>
      <object_component id="oc-1f4">
         <name>.debug_info</name>
         <load_address>0x1672c</load_address>
         <run_address>0x1672c</run_address>
         <size>0x496</size>
         <input_file_ref idref="fl-10"/>
      </object_component>
      <object_component id="oc-1f1">
         <name>.debug_info</name>
         <load_address>0x16bc2</load_address>
         <run_address>0x16bc2</run_address>
         <size>0x128</size>
         <input_file_ref idref="fl-10"/>
      </object_component>
      <object_component id="oc-1eb">
         <name>.debug_info</name>
         <load_address>0x16cea</load_address>
         <run_address>0x16cea</run_address>
         <size>0x128</size>
         <input_file_ref idref="fl-10"/>
      </object_component>
      <object_component id="oc-1ee">
         <name>.debug_info</name>
         <load_address>0x16e12</load_address>
         <run_address>0x16e12</run_address>
         <size>0x124</size>
         <input_file_ref idref="fl-10"/>
      </object_component>
      <object_component id="oc-1e8">
         <name>.debug_info</name>
         <load_address>0x16f36</load_address>
         <run_address>0x16f36</run_address>
         <size>0x142</size>
         <input_file_ref idref="fl-10"/>
      </object_component>
      <object_component id="oc-ef">
         <name>.debug_info</name>
         <load_address>0x17078</load_address>
         <run_address>0x17078</run_address>
         <size>0x7fa</size>
         <input_file_ref idref="fl-10"/>
      </object_component>
      <object_component id="oc-287">
         <name>.debug_info</name>
         <load_address>0x17872</load_address>
         <run_address>0x17872</run_address>
         <size>0x62</size>
         <input_file_ref idref="fl-10"/>
      </object_component>
      <object_component id="oc-25b">
         <name>.debug_info</name>
         <load_address>0x178d4</load_address>
         <run_address>0x178d4</run_address>
         <size>0x13a</size>
         <input_file_ref idref="fl-ca"/>
      </object_component>
      <object_component id="oc-254">
         <name>.debug_info</name>
         <load_address>0x17a0e</load_address>
         <run_address>0x17a0e</run_address>
         <size>0x13a</size>
         <input_file_ref idref="fl-cb"/>
      </object_component>
      <object_component id="oc-25e">
         <name>.debug_info</name>
         <load_address>0x17b48</load_address>
         <run_address>0x17b48</run_address>
         <size>0x12e</size>
         <input_file_ref idref="fl-cc"/>
      </object_component>
      <object_component id="oc-4f">
         <name>.debug_info</name>
         <load_address>0x17c76</load_address>
         <run_address>0x17c76</run_address>
         <size>0x119</size>
         <input_file_ref idref="fl-cd"/>
      </object_component>
      <object_component id="oc-24f">
         <name>.debug_info</name>
         <load_address>0x17d8f</load_address>
         <run_address>0x17d8f</run_address>
         <size>0x12e</size>
         <input_file_ref idref="fl-ce"/>
      </object_component>
      <object_component id="oc-c7">
         <name>.debug_info</name>
         <load_address>0x17ebd</load_address>
         <run_address>0x17ebd</run_address>
         <size>0x147</size>
         <input_file_ref idref="fl-cf"/>
      </object_component>
      <object_component id="oc-23e">
         <name>.debug_info</name>
         <load_address>0x18004</load_address>
         <run_address>0x18004</run_address>
         <size>0x13f</size>
         <input_file_ref idref="fl-d0"/>
      </object_component>
      <object_component id="oc-2b3">
         <name>.debug_info</name>
         <load_address>0x18143</load_address>
         <run_address>0x18143</run_address>
         <size>0x134</size>
         <input_file_ref idref="fl-d1"/>
      </object_component>
      <object_component id="oc-c5">
         <name>.debug_info</name>
         <load_address>0x18277</load_address>
         <run_address>0x18277</run_address>
         <size>0x2d4</size>
         <input_file_ref idref="fl-d2"/>
      </object_component>
      <object_component id="oc-5f">
         <name>.debug_info</name>
         <load_address>0x1854b</load_address>
         <run_address>0x1854b</run_address>
         <size>0x1b5</size>
         <input_file_ref idref="fl-d2"/>
      </object_component>
      <object_component id="oc-c0">
         <name>.debug_info</name>
         <load_address>0x18700</load_address>
         <run_address>0x18700</run_address>
         <size>0x46</size>
         <input_file_ref idref="fl-d2"/>
      </object_component>
      <object_component id="oc-14a">
         <name>.debug_info</name>
         <load_address>0x18746</load_address>
         <run_address>0x18746</run_address>
         <size>0x2c</size>
         <input_file_ref idref="fl-d2"/>
      </object_component>
      <object_component id="oc-57">
         <name>.debug_info</name>
         <load_address>0x18772</load_address>
         <run_address>0x18772</run_address>
         <size>0x2a8</size>
         <input_file_ref idref="fl-d3"/>
      </object_component>
      <object_component id="oc-1c">
         <name>.debug_info</name>
         <load_address>0x18a1a</load_address>
         <run_address>0x18a1a</run_address>
         <size>0x1ea</size>
         <input_file_ref idref="fl-d3"/>
      </object_component>
      <object_component id="oc-52">
         <name>.debug_info</name>
         <load_address>0x18c04</load_address>
         <run_address>0x18c04</run_address>
         <size>0x46</size>
         <input_file_ref idref="fl-d3"/>
      </object_component>
      <object_component id="oc-b8">
         <name>.debug_info</name>
         <load_address>0x18c4a</load_address>
         <run_address>0x18c4a</run_address>
         <size>0x2c</size>
         <input_file_ref idref="fl-d3"/>
      </object_component>
      <object_component id="oc-b6">
         <name>.debug_info</name>
         <load_address>0x18c76</load_address>
         <run_address>0x18c76</run_address>
         <size>0x29e</size>
         <input_file_ref idref="fl-d4"/>
      </object_component>
      <object_component id="oc-18">
         <name>.debug_info</name>
         <load_address>0x18f14</load_address>
         <run_address>0x18f14</run_address>
         <size>0x250</size>
         <input_file_ref idref="fl-d4"/>
      </object_component>
      <object_component id="oc-42">
         <name>.debug_info</name>
         <load_address>0x19164</load_address>
         <run_address>0x19164</run_address>
         <size>0x60</size>
         <input_file_ref idref="fl-d4"/>
      </object_component>
      <object_component id="oc-143">
         <name>.debug_info</name>
         <load_address>0x191c4</load_address>
         <run_address>0x191c4</run_address>
         <size>0x46</size>
         <input_file_ref idref="fl-d4"/>
      </object_component>
      <object_component id="oc-b1">
         <name>.debug_info</name>
         <load_address>0x1920a</load_address>
         <run_address>0x1920a</run_address>
         <size>0x39</size>
         <input_file_ref idref="fl-d4"/>
      </object_component>
      <object_component id="oc-25">
         <name>.debug_info</name>
         <load_address>0x19243</load_address>
         <run_address>0x19243</run_address>
         <size>0x10b</size>
         <input_file_ref idref="fl-d5"/>
      </object_component>
      <object_component id="oc-6e">
         <name>.debug_info</name>
         <load_address>0x1934e</load_address>
         <run_address>0x1934e</run_address>
         <size>0x1a9</size>
         <input_file_ref idref="fl-d5"/>
      </object_component>
      <object_component id="oc-2ad">
         <name>.debug_info</name>
         <load_address>0x194f7</load_address>
         <run_address>0x194f7</run_address>
         <size>0x115</size>
         <input_file_ref idref="fl-d6"/>
      </object_component>
      <object_component id="oc-26e">
         <name>.debug_info</name>
         <load_address>0x1960c</load_address>
         <run_address>0x1960c</run_address>
         <size>0x4b3</size>
         <input_file_ref idref="fl-d7"/>
      </object_component>
      <object_component id="oc-19e">
         <name>.debug_info</name>
         <load_address>0x19abf</load_address>
         <run_address>0x19abf</run_address>
         <size>0x1a6</size>
         <input_file_ref idref="fl-d7"/>
      </object_component>
      <object_component id="oc-2cd">
         <name>.debug_info</name>
         <load_address>0x19c65</load_address>
         <run_address>0x19c65</run_address>
         <size>0x39</size>
         <input_file_ref idref="fl-d7"/>
      </object_component>
      <object_component id="oc-2e3">
         <name>.debug_info</name>
         <load_address>0x19c9e</load_address>
         <run_address>0x19c9e</run_address>
         <size>0x39</size>
         <input_file_ref idref="fl-d7"/>
      </object_component>
      <object_component id="oc-2d2">
         <name>.debug_info</name>
         <load_address>0x19cd7</load_address>
         <run_address>0x19cd7</run_address>
         <size>0x39</size>
         <input_file_ref idref="fl-d7"/>
      </object_component>
      <object_component id="oc-2d7">
         <name>.debug_info</name>
         <load_address>0x19d10</load_address>
         <run_address>0x19d10</run_address>
         <size>0xcd</size>
         <input_file_ref idref="fl-d7"/>
      </object_component>
      <object_component id="oc-cf">
         <name>.debug_info</name>
         <load_address>0x19ddd</load_address>
         <run_address>0x19ddd</run_address>
         <size>0x153</size>
         <input_file_ref idref="fl-d8"/>
      </object_component>
      <object_component id="oc-190">
         <name>.debug_info</name>
         <load_address>0x19f30</load_address>
         <run_address>0x19f30</run_address>
         <size>0x122</size>
         <input_file_ref idref="fl-da"/>
      </object_component>
      <object_component id="oc-31e">
         <name>.debug_info</name>
         <load_address>0x1a052</load_address>
         <run_address>0x1a052</run_address>
         <size>0xe2</size>
      </object_component>
      <object_component id="oc-217">
         <name>.debug_line</name>
         <load_address>0x0</load_address>
         <run_address>0x0</run_address>
         <size>0x584</size>
         <input_file_ref idref="fl-2"/>
      </object_component>
      <object_component id="oc-24b">
         <name>.debug_line</name>
         <load_address>0x584</load_address>
         <run_address>0x584</run_address>
         <size>0x2d</size>
         <input_file_ref idref="fl-2"/>
      </object_component>
      <object_component id="oc-24d">
         <name>.debug_line</name>
         <load_address>0x5b1</load_address>
         <run_address>0x5b1</run_address>
         <size>0x2d</size>
         <input_file_ref idref="fl-2"/>
      </object_component>
      <object_component id="oc-d7">
         <name>.debug_line</name>
         <load_address>0x5de</load_address>
         <run_address>0x5de</run_address>
         <size>0x262</size>
         <input_file_ref idref="fl-2"/>
      </object_component>
      <object_component id="oc-21b">
         <name>.debug_line</name>
         <load_address>0x840</load_address>
         <run_address>0x840</run_address>
         <size>0x2d</size>
         <input_file_ref idref="fl-2"/>
      </object_component>
      <object_component id="oc-187">
         <name>.debug_line</name>
         <load_address>0x86d</load_address>
         <run_address>0x86d</run_address>
         <size>0x2d</size>
         <input_file_ref idref="fl-2"/>
      </object_component>
      <object_component id="oc-12e">
         <name>.debug_line</name>
         <load_address>0x89a</load_address>
         <run_address>0x89a</run_address>
         <size>0xa7</size>
         <input_file_ref idref="fl-2"/>
      </object_component>
      <object_component id="oc-248">
         <name>.debug_line</name>
         <load_address>0x941</load_address>
         <run_address>0x941</run_address>
         <size>0xa1</size>
         <input_file_ref idref="fl-2"/>
      </object_component>
      <object_component id="oc-af">
         <name>.debug_line</name>
         <load_address>0x9e2</load_address>
         <run_address>0x9e2</run_address>
         <size>0x6f</size>
         <input_file_ref idref="fl-2"/>
      </object_component>
      <object_component id="oc-138">
         <name>.debug_line</name>
         <load_address>0xa51</load_address>
         <run_address>0xa51</run_address>
         <size>0xab</size>
         <input_file_ref idref="fl-2"/>
      </object_component>
      <object_component id="oc-18c">
         <name>.debug_line</name>
         <load_address>0xafc</load_address>
         <run_address>0xafc</run_address>
         <size>0xaf</size>
         <input_file_ref idref="fl-2"/>
      </object_component>
      <object_component id="oc-220">
         <name>.debug_line</name>
         <load_address>0xbab</load_address>
         <run_address>0xbab</run_address>
         <size>0xa8</size>
         <input_file_ref idref="fl-2"/>
      </object_component>
      <object_component id="oc-225">
         <name>.debug_line</name>
         <load_address>0xc53</load_address>
         <run_address>0xc53</run_address>
         <size>0xa9</size>
         <input_file_ref idref="fl-2"/>
      </object_component>
      <object_component id="oc-4a">
         <name>.debug_line</name>
         <load_address>0xcfc</load_address>
         <run_address>0xcfc</run_address>
         <size>0x20</size>
         <input_file_ref idref="fl-2"/>
      </object_component>
      <object_component id="oc-94">
         <name>.debug_line</name>
         <load_address>0xd1c</load_address>
         <run_address>0xd1c</run_address>
         <size>0xab</size>
         <input_file_ref idref="fl-2"/>
      </object_component>
      <object_component id="oc-1d1">
         <name>.debug_line</name>
         <load_address>0xdc7</load_address>
         <run_address>0xdc7</run_address>
         <size>0xa9</size>
         <input_file_ref idref="fl-2"/>
      </object_component>
      <object_component id="oc-13d">
         <name>.debug_line</name>
         <load_address>0xe70</load_address>
         <run_address>0xe70</run_address>
         <size>0x73</size>
         <input_file_ref idref="fl-2"/>
      </object_component>
      <object_component id="oc-9e">
         <name>.debug_line</name>
         <load_address>0xee3</load_address>
         <run_address>0xee3</run_address>
         <size>0x70</size>
         <input_file_ref idref="fl-2"/>
      </object_component>
      <object_component id="oc-a8">
         <name>.debug_line</name>
         <load_address>0xf53</load_address>
         <run_address>0xf53</run_address>
         <size>0xa4</size>
         <input_file_ref idref="fl-2"/>
      </object_component>
      <object_component id="oc-129">
         <name>.debug_line</name>
         <load_address>0xff7</load_address>
         <run_address>0xff7</run_address>
         <size>0x6b</size>
         <input_file_ref idref="fl-2"/>
      </object_component>
      <object_component id="oc-99">
         <name>.debug_line</name>
         <load_address>0x1062</load_address>
         <run_address>0x1062</run_address>
         <size>0xba</size>
         <input_file_ref idref="fl-2"/>
      </object_component>
      <object_component id="oc-133">
         <name>.debug_line</name>
         <load_address>0x111c</load_address>
         <run_address>0x111c</run_address>
         <size>0xa7</size>
         <input_file_ref idref="fl-2"/>
      </object_component>
      <object_component id="oc-ab">
         <name>.debug_line</name>
         <load_address>0x11c3</load_address>
         <run_address>0x11c3</run_address>
         <size>0x41</size>
         <input_file_ref idref="fl-3"/>
      </object_component>
      <object_component id="oc-3f">
         <name>.debug_line</name>
         <load_address>0x1204</load_address>
         <run_address>0x1204</run_address>
         <size>0x41</size>
         <input_file_ref idref="fl-3"/>
      </object_component>
      <object_component id="oc-28">
         <name>.debug_line</name>
         <load_address>0x1245</load_address>
         <run_address>0x1245</run_address>
         <size>0xa1</size>
         <input_file_ref idref="fl-3"/>
      </object_component>
      <object_component id="oc-181">
         <name>.debug_line</name>
         <load_address>0x12e6</load_address>
         <run_address>0x12e6</run_address>
         <size>0x53</size>
         <input_file_ref idref="fl-4"/>
      </object_component>
      <object_component id="oc-166">
         <name>.debug_line</name>
         <load_address>0x1339</load_address>
         <run_address>0x1339</run_address>
         <size>0x9a</size>
         <input_file_ref idref="fl-5"/>
      </object_component>
      <object_component id="oc-142">
         <name>.debug_line</name>
         <load_address>0x13d3</load_address>
         <run_address>0x13d3</run_address>
         <size>0x20</size>
         <input_file_ref idref="fl-6"/>
      </object_component>
      <object_component id="oc-140">
         <name>.debug_line</name>
         <load_address>0x13f3</load_address>
         <run_address>0x13f3</run_address>
         <size>0x37</size>
         <input_file_ref idref="fl-6"/>
      </object_component>
      <object_component id="oc-3a">
         <name>.debug_line</name>
         <load_address>0x142a</load_address>
         <run_address>0x142a</run_address>
         <size>0x2ce</size>
         <input_file_ref idref="fl-6"/>
      </object_component>
      <object_component id="oc-10a">
         <name>.debug_line</name>
         <load_address>0x16f8</load_address>
         <run_address>0x16f8</run_address>
         <size>0x69</size>
         <input_file_ref idref="fl-7"/>
      </object_component>
      <object_component id="oc-2b8">
         <name>.debug_line</name>
         <load_address>0x1761</load_address>
         <run_address>0x1761</run_address>
         <size>0x20</size>
         <input_file_ref idref="fl-8"/>
      </object_component>
      <object_component id="oc-163">
         <name>.debug_line</name>
         <load_address>0x1781</load_address>
         <run_address>0x1781</run_address>
         <size>0x11e</size>
         <input_file_ref idref="fl-8"/>
      </object_component>
      <object_component id="oc-2a6">
         <name>.debug_line</name>
         <load_address>0x189f</load_address>
         <run_address>0x189f</run_address>
         <size>0x253</size>
         <input_file_ref idref="fl-9"/>
      </object_component>
      <object_component id="oc-15a">
         <name>.debug_line</name>
         <load_address>0x1af2</load_address>
         <run_address>0x1af2</run_address>
         <size>0x2e7</size>
         <input_file_ref idref="fl-9"/>
      </object_component>
      <object_component id="oc-1d6">
         <name>.debug_line</name>
         <load_address>0x1dd9</load_address>
         <run_address>0x1dd9</run_address>
         <size>0x6b</size>
         <input_file_ref idref="fl-9"/>
      </object_component>
      <object_component id="oc-1e5">
         <name>.debug_line</name>
         <load_address>0x1e44</load_address>
         <run_address>0x1e44</run_address>
         <size>0xab</size>
         <input_file_ref idref="fl-9"/>
      </object_component>
      <object_component id="oc-2aa">
         <name>.debug_line</name>
         <load_address>0x1eef</load_address>
         <run_address>0x1eef</run_address>
         <size>0x3c</size>
         <input_file_ref idref="fl-9"/>
      </object_component>
      <object_component id="oc-23a">
         <name>.debug_line</name>
         <load_address>0x1f2b</load_address>
         <run_address>0x1f2b</run_address>
         <size>0xaf</size>
         <input_file_ref idref="fl-9"/>
      </object_component>
      <object_component id="oc-293">
         <name>.debug_line</name>
         <load_address>0x1fda</load_address>
         <run_address>0x1fda</run_address>
         <size>0x20</size>
         <input_file_ref idref="fl-a"/>
      </object_component>
      <object_component id="oc-f8">
         <name>.debug_line</name>
         <load_address>0x1ffa</load_address>
         <run_address>0x1ffa</run_address>
         <size>0xe7</size>
         <input_file_ref idref="fl-a"/>
      </object_component>
      <object_component id="oc-29f">
         <name>.debug_line</name>
         <load_address>0x20e1</load_address>
         <run_address>0x20e1</run_address>
         <size>0x253</size>
         <input_file_ref idref="fl-b"/>
      </object_component>
      <object_component id="oc-157">
         <name>.debug_line</name>
         <load_address>0x2334</load_address>
         <run_address>0x2334</run_address>
         <size>0x76a</size>
         <input_file_ref idref="fl-b"/>
      </object_component>
      <object_component id="oc-2a3">
         <name>.debug_line</name>
         <load_address>0x2a9e</load_address>
         <run_address>0x2a9e</run_address>
         <size>0x35</size>
         <input_file_ref idref="fl-b"/>
      </object_component>
      <object_component id="oc-233">
         <name>.debug_line</name>
         <load_address>0x2ad3</load_address>
         <run_address>0x2ad3</run_address>
         <size>0xa8</size>
         <input_file_ref idref="fl-b"/>
      </object_component>
      <object_component id="oc-1db">
         <name>.debug_line</name>
         <load_address>0x2b7b</load_address>
         <run_address>0x2b7b</run_address>
         <size>0x74</size>
         <input_file_ref idref="fl-b"/>
      </object_component>
      <object_component id="oc-1cd">
         <name>.debug_line</name>
         <load_address>0x2bef</load_address>
         <run_address>0x2bef</run_address>
         <size>0x3a4</size>
         <input_file_ref idref="fl-c"/>
      </object_component>
      <object_component id="oc-e5">
         <name>.debug_line</name>
         <load_address>0x2f93</load_address>
         <run_address>0x2f93</run_address>
         <size>0x35</size>
         <input_file_ref idref="fl-c"/>
      </object_component>
      <object_component id="oc-1f8">
         <name>.debug_line</name>
         <load_address>0x2fc8</load_address>
         <run_address>0x2fc8</run_address>
         <size>0x35</size>
         <input_file_ref idref="fl-c"/>
      </object_component>
      <object_component id="oc-22c">
         <name>.debug_line</name>
         <load_address>0x2ffd</load_address>
         <run_address>0x2ffd</run_address>
         <size>0x35</size>
         <input_file_ref idref="fl-c"/>
      </object_component>
      <object_component id="oc-22e">
         <name>.debug_line</name>
         <load_address>0x3032</load_address>
         <run_address>0x3032</run_address>
         <size>0x35</size>
         <input_file_ref idref="fl-c"/>
      </object_component>
      <object_component id="oc-22a">
         <name>.debug_line</name>
         <load_address>0x3067</load_address>
         <run_address>0x3067</run_address>
         <size>0x35</size>
         <input_file_ref idref="fl-c"/>
      </object_component>
      <object_component id="oc-215">
         <name>.debug_line</name>
         <load_address>0x309c</load_address>
         <run_address>0x309c</run_address>
         <size>0x35</size>
         <input_file_ref idref="fl-c"/>
      </object_component>
      <object_component id="oc-1fa">
         <name>.debug_line</name>
         <load_address>0x30d1</load_address>
         <run_address>0x30d1</run_address>
         <size>0x35</size>
         <input_file_ref idref="fl-c"/>
      </object_component>
      <object_component id="oc-228">
         <name>.debug_line</name>
         <load_address>0x3106</load_address>
         <run_address>0x3106</run_address>
         <size>0x35</size>
         <input_file_ref idref="fl-c"/>
      </object_component>
      <object_component id="oc-89">
         <name>.debug_line</name>
         <load_address>0x313b</load_address>
         <run_address>0x313b</run_address>
         <size>0xbac</size>
         <input_file_ref idref="fl-c"/>
      </object_component>
      <object_component id="oc-ea">
         <name>.debug_line</name>
         <load_address>0x3ce7</load_address>
         <run_address>0x3ce7</run_address>
         <size>0xa7</size>
         <input_file_ref idref="fl-c"/>
      </object_component>
      <object_component id="oc-1e0">
         <name>.debug_line</name>
         <load_address>0x3d8e</load_address>
         <run_address>0x3d8e</run_address>
         <size>0x35</size>
         <input_file_ref idref="fl-c"/>
      </object_component>
      <object_component id="oc-29d">
         <name>.debug_line</name>
         <load_address>0x3dc3</load_address>
         <run_address>0x3dc3</run_address>
         <size>0x2db</size>
         <input_file_ref idref="fl-d"/>
      </object_component>
      <object_component id="oc-299">
         <name>.debug_line</name>
         <load_address>0x409e</load_address>
         <run_address>0x409e</run_address>
         <size>0x36</size>
         <input_file_ref idref="fl-d"/>
      </object_component>
      <object_component id="oc-29b">
         <name>.debug_line</name>
         <load_address>0x40d4</load_address>
         <run_address>0x40d4</run_address>
         <size>0x36</size>
         <input_file_ref idref="fl-d"/>
      </object_component>
      <object_component id="oc-297">
         <name>.debug_line</name>
         <load_address>0x410a</load_address>
         <run_address>0x410a</run_address>
         <size>0x36</size>
         <input_file_ref idref="fl-d"/>
      </object_component>
      <object_component id="oc-295">
         <name>.debug_line</name>
         <load_address>0x4140</load_address>
         <run_address>0x4140</run_address>
         <size>0x36</size>
         <input_file_ref idref="fl-d"/>
      </object_component>
      <object_component id="oc-104">
         <name>.debug_line</name>
         <load_address>0x4176</load_address>
         <run_address>0x4176</run_address>
         <size>0x4cf</size>
         <input_file_ref idref="fl-d"/>
      </object_component>
      <object_component id="oc-211">
         <name>.debug_line</name>
         <load_address>0x4645</load_address>
         <run_address>0x4645</run_address>
         <size>0x36</size>
         <input_file_ref idref="fl-d"/>
      </object_component>
      <object_component id="oc-20b">
         <name>.debug_line</name>
         <load_address>0x467b</load_address>
         <run_address>0x467b</run_address>
         <size>0xa9</size>
         <input_file_ref idref="fl-d"/>
      </object_component>
      <object_component id="oc-125">
         <name>.debug_line</name>
         <load_address>0x4724</load_address>
         <run_address>0x4724</run_address>
         <size>0xd1</size>
         <input_file_ref idref="fl-e"/>
      </object_component>
      <object_component id="oc-ed">
         <name>.debug_line</name>
         <load_address>0x47f5</load_address>
         <run_address>0x47f5</run_address>
         <size>0x4a</size>
         <input_file_ref idref="fl-e"/>
      </object_component>
      <object_component id="oc-123">
         <name>.debug_line</name>
         <load_address>0x483f</load_address>
         <run_address>0x483f</run_address>
         <size>0x4a</size>
         <input_file_ref idref="fl-e"/>
      </object_component>
      <object_component id="oc-36">
         <name>.debug_line</name>
         <load_address>0x4889</load_address>
         <run_address>0x4889</run_address>
         <size>0x189</size>
         <input_file_ref idref="fl-e"/>
      </object_component>
      <object_component id="oc-31">
         <name>.debug_line</name>
         <load_address>0x4a12</load_address>
         <run_address>0x4a12</run_address>
         <size>0xdf</size>
         <input_file_ref idref="fl-f"/>
      </object_component>
      <object_component id="oc-291">
         <name>.debug_line</name>
         <load_address>0x4af1</load_address>
         <run_address>0x4af1</run_address>
         <size>0xf2</size>
         <input_file_ref idref="fl-10"/>
      </object_component>
      <object_component id="oc-28f">
         <name>.debug_line</name>
         <load_address>0x4be3</load_address>
         <run_address>0x4be3</run_address>
         <size>0x47</size>
         <input_file_ref idref="fl-10"/>
      </object_component>
      <object_component id="oc-286">
         <name>.debug_line</name>
         <load_address>0x4c2a</load_address>
         <run_address>0x4c2a</run_address>
         <size>0x47</size>
         <input_file_ref idref="fl-10"/>
      </object_component>
      <object_component id="oc-28d">
         <name>.debug_line</name>
         <load_address>0x4c71</load_address>
         <run_address>0x4c71</run_address>
         <size>0x47</size>
         <input_file_ref idref="fl-10"/>
      </object_component>
      <object_component id="oc-284">
         <name>.debug_line</name>
         <load_address>0x4cb8</load_address>
         <run_address>0x4cb8</run_address>
         <size>0x47</size>
         <input_file_ref idref="fl-10"/>
      </object_component>
      <object_component id="oc-f2">
         <name>.debug_line</name>
         <load_address>0x4cff</load_address>
         <run_address>0x4cff</run_address>
         <size>0x151</size>
         <input_file_ref idref="fl-10"/>
      </object_component>
      <object_component id="oc-28a">
         <name>.debug_line</name>
         <load_address>0x4e50</load_address>
         <run_address>0x4e50</run_address>
         <size>0x47</size>
         <input_file_ref idref="fl-10"/>
      </object_component>
      <object_component id="oc-259">
         <name>.debug_line</name>
         <load_address>0x4e97</load_address>
         <run_address>0x4e97</run_address>
         <size>0xa8</size>
         <input_file_ref idref="fl-ca"/>
      </object_component>
      <object_component id="oc-257">
         <name>.debug_line</name>
         <load_address>0x4f3f</load_address>
         <run_address>0x4f3f</run_address>
         <size>0x8e</size>
         <input_file_ref idref="fl-cb"/>
      </object_component>
      <object_component id="oc-261">
         <name>.debug_line</name>
         <load_address>0x4fcd</load_address>
         <run_address>0x4fcd</run_address>
         <size>0x5a</size>
         <input_file_ref idref="fl-cc"/>
      </object_component>
      <object_component id="oc-4e">
         <name>.debug_line</name>
         <load_address>0x5027</load_address>
         <run_address>0x5027</run_address>
         <size>0x88</size>
         <input_file_ref idref="fl-cd"/>
      </object_component>
      <object_component id="oc-252">
         <name>.debug_line</name>
         <load_address>0x50af</load_address>
         <run_address>0x50af</run_address>
         <size>0x4c</size>
         <input_file_ref idref="fl-ce"/>
      </object_component>
      <object_component id="oc-ca">
         <name>.debug_line</name>
         <load_address>0x50fb</load_address>
         <run_address>0x50fb</run_address>
         <size>0x79</size>
         <input_file_ref idref="fl-cf"/>
      </object_component>
      <object_component id="oc-241">
         <name>.debug_line</name>
         <load_address>0x5174</load_address>
         <run_address>0x5174</run_address>
         <size>0x68</size>
         <input_file_ref idref="fl-d0"/>
      </object_component>
      <object_component id="oc-2b5">
         <name>.debug_line</name>
         <load_address>0x51dc</load_address>
         <run_address>0x51dc</run_address>
         <size>0x81</size>
         <input_file_ref idref="fl-d1"/>
      </object_component>
      <object_component id="oc-150">
         <name>.debug_line</name>
         <load_address>0x525d</load_address>
         <run_address>0x525d</run_address>
         <size>0x92</size>
         <input_file_ref idref="fl-d2"/>
      </object_component>
      <object_component id="oc-63">
         <name>.debug_line</name>
         <load_address>0x52ef</load_address>
         <run_address>0x52ef</run_address>
         <size>0x53</size>
         <input_file_ref idref="fl-d2"/>
      </object_component>
      <object_component id="oc-c3">
         <name>.debug_line</name>
         <load_address>0x5342</load_address>
         <run_address>0x5342</run_address>
         <size>0x34</size>
         <input_file_ref idref="fl-d2"/>
      </object_component>
      <object_component id="oc-14d">
         <name>.debug_line</name>
         <load_address>0x5376</load_address>
         <run_address>0x5376</run_address>
         <size>0x92</size>
         <input_file_ref idref="fl-d2"/>
      </object_component>
      <object_component id="oc-be">
         <name>.debug_line</name>
         <load_address>0x5408</load_address>
         <run_address>0x5408</run_address>
         <size>0x20</size>
         <input_file_ref idref="fl-d3"/>
      </object_component>
      <object_component id="oc-1f">
         <name>.debug_line</name>
         <load_address>0x5428</load_address>
         <run_address>0x5428</run_address>
         <size>0x55</size>
         <input_file_ref idref="fl-d3"/>
      </object_component>
      <object_component id="oc-55">
         <name>.debug_line</name>
         <load_address>0x547d</load_address>
         <run_address>0x547d</run_address>
         <size>0x3a</size>
         <input_file_ref idref="fl-d3"/>
      </object_component>
      <object_component id="oc-bb">
         <name>.debug_line</name>
         <load_address>0x54b7</load_address>
         <run_address>0x54b7</run_address>
         <size>0x92</size>
         <input_file_ref idref="fl-d3"/>
      </object_component>
      <object_component id="oc-149">
         <name>.debug_line</name>
         <load_address>0x5549</load_address>
         <run_address>0x5549</run_address>
         <size>0x20</size>
         <input_file_ref idref="fl-d4"/>
      </object_component>
      <object_component id="oc-16">
         <name>.debug_line</name>
         <load_address>0x5569</load_address>
         <run_address>0x5569</run_address>
         <size>0xa9</size>
         <input_file_ref idref="fl-d4"/>
      </object_component>
      <object_component id="oc-45">
         <name>.debug_line</name>
         <load_address>0x5612</load_address>
         <run_address>0x5612</run_address>
         <size>0x3a</size>
         <input_file_ref idref="fl-d4"/>
      </object_component>
      <object_component id="oc-146">
         <name>.debug_line</name>
         <load_address>0x564c</load_address>
         <run_address>0x564c</run_address>
         <size>0x9a</size>
         <input_file_ref idref="fl-d4"/>
      </object_component>
      <object_component id="oc-b4">
         <name>.debug_line</name>
         <load_address>0x56e6</load_address>
         <run_address>0x56e6</run_address>
         <size>0x96</size>
         <input_file_ref idref="fl-d4"/>
      </object_component>
      <object_component id="oc-7d">
         <name>.debug_line</name>
         <load_address>0x577c</load_address>
         <run_address>0x577c</run_address>
[...]
         <object_component_ref idref="oc-153"/>
      </symbol>
      <symbol id="sm-412">
         <name>xQueueCreateMutex</name>
         <value>0x2527</value>
         <object_component_ref idref="oc-153"/>
      </symbol>
      <symbol id="sm-413">
         <name>xQueueGenericSend</name>
         <value>0x2553</value>
         <object_component_ref idref="oc-153"/>
      </symbol>
      <symbol id="sm-414">
         <name>xQueueGenericReset</name>
         <value>0x2341</value>
         <object_component_ref idref="oc-153"/>
      </symbol>
      <symbol id="sm-415">
         <name>xQueueReceiveFromISR</name>
         <value>0x2e13</value>
         <object_component_ref idref="oc-153"/>
      </symbol>
      <symbol id="sm-416">
         <name>uxQueueSpacesAvailable</name>
         <value>0x2ff3</value>
         <object_component_ref idref="oc-153"/>
      </symbol>
      <symbol id="sm-417">
         <name>xQueueSemaphoreTake</name>
         <value>0x2ae1</value>
         <object_component_ref idref="oc-153"/>
      </symbol>
      <symbol id="sm-418">
         <name>xQueueGiveFromISR</name>
         <value>0x2845</value>
         <object_component_ref idref="oc-153"/>
      </symbol>
      <symbol id="sm-419">
         <name>uxQueueMessagesWaitingFromISR</name>
         <value>0x3027</value>
         <object_component_ref idref="oc-153"/>
      </symbol>
      <symbol id="sm-41a">
         <name>vQueueWaitForMessageRestricted</name>
         <value>0x32f3</value>
         <object_component_ref idref="oc-153"/>
      </symbol>
      <symbol id="sm-41b">
         <name>vQueueDelete</name>
         <value>0x3051</value>
         <object_component_ref idref="oc-153"/>
      </symbol>
      <symbol id="sm-41c">
         <name>xQueuePeek</name>
         <value>0x2c95</value>
         <object_component_ref idref="oc-153"/>
      </symbol>
      <symbol id="sm-41d">
         <name>xQueueReceive</name>
         <value>0x2969</value>
         <object_component_ref idref="oc-153"/>
      </symbol>
      <symbol id="sm-67e">
         <name>vTaskDelay</name>
         <value>0x599</value>
         <object_component_ref idref="oc-85"/>
      </symbol>
      <symbol id="sm-67f">
         <name>vTaskSuspendAll</name>
         <value>0x9ed</value>
         <object_component_ref idref="oc-85"/>
      </symbol>
      <symbol id="sm-680">
         <name>vTaskPlaceOnEventList</name>
         <value>0x1035</value>
         <object_component_ref idref="oc-85"/>
      </symbol>
      <symbol id="sm-681">
         <name>pcTaskGetName</name>
         <value>0xbed</value>
         <object_component_ref idref="oc-85"/>
      </symbol>
      <symbol id="sm-682">
         <name>xTaskCheckForTimeOut</name>
         <value>0x1499</value>
         <object_component_ref idref="oc-85"/>
      </symbol>
      <symbol id="sm-683">
         <name>vTaskGenericNotifyGiveFromISR</name>
         <value>0x1fed</value>
         <object_component_ref idref="oc-85"/>
      </symbol>
      <symbol id="sm-684">
         <name>vTaskRemoveFromUnorderedEventList</name>
         <value>0x1305</value>
         <object_component_ref idref="oc-85"/>
      </symbol>
      <symbol id="sm-685">
         <name>xTaskPriorityDisinherit</name>
         <value>0x1759</value>
         <object_component_ref idref="oc-85"/>
      </symbol>
      <symbol id="sm-686">
         <name>vTaskStartScheduler</name>
         <value>0x941</value>
         <object_component_ref idref="oc-85"/>
      </symbol>
      <symbol id="sm-687">
         <name>vTaskInternalSetTimeOutState</name>
         <value>0x1471</value>
         <object_component_ref idref="oc-85"/>
      </symbol>
      <symbol id="sm-688">
         <name>pvTaskIncrementMutexHeldCount</name>
         <value>0x19f3</value>
         <object_component_ref idref="oc-85"/>
      </symbol>
      <symbol id="sm-689">
         <name>xTaskGenericNotifyStateClear</name>
         <value>0x219d</value>
         <object_component_ref idref="oc-85"/>
      </symbol>
      <symbol id="sm-68a">
         <name>xTaskGenericNotify</name>
         <value>0x1bb1</value>
         <object_component_ref idref="oc-85"/>
      </symbol>
      <symbol id="sm-68b">
         <name>vTaskPriorityDisinheritAfterTimeout</name>
         <value>0x1885</value>
         <object_component_ref idref="oc-85"/>
      </symbol>
      <symbol id="sm-68c">
         <name>xTaskCreate</name>
         <value>0x26d</value>
         <object_component_ref idref="oc-85"/>
      </symbol>
      <symbol id="sm-68d">
         <name>xTaskGetApplicationTaskTagFromISR</name>
         <value>0xebd</value>
         <object_component_ref idref="oc-85"/>
      </symbol>
      <symbol id="sm-68e">
         <name>xTaskDelayUntil</name>
         <value>0x4bf</value>
         <object_component_ref idref="oc-85"/>
      </symbol>
      <symbol id="sm-68f">
         <name>vTaskEndScheduler</name>
         <value>0x9d1</value>
         <object_component_ref idref="oc-85"/>
      </symbol>
      <symbol id="sm-690">
         <name>vTaskMissedYield</name>
         <value>0x1545</value>
         <object_component_ref idref="oc-85"/>
      </symbol>
      <symbol id="sm-691">
         <name>uxTaskGetNumberOfTasks</name>
         <value>0xbd7</value>
         <object_component_ref idref="oc-85"/>
      </symbol>
      <symbol id="sm-692">
         <name>xTaskCatchUpTicks</name>
         <value>0xc31</value>
         <object_component_ref idref="oc-85"/>
      </symbol>
      <symbol id="sm-693">
         <name>xTaskGenericNotifyFromISR</name>
         <value>0x1d97</value>
         <object_component_ref idref="oc-85"/>
      </symbol>
      <symbol id="sm-694">
         <name>xTaskResumeAll</name>
         <value>0xa0d</value>
         <object_component_ref idref="oc-85"/>
      </symbol>
      <symbol id="sm-695">
         <name>vTaskSetApplicationTaskTag</name>
         <value>0xe6f</value>
         <object_component_ref idref="oc-85"/>
      </symbol>
      <symbol id="sm-696">
         <name>xTaskGetTickCount</name>
         <value>0xbb3</value>
         <object_component_ref idref="oc-85"/>
      </symbol>
      <symbol id="sm-697">
         <name>ulTaskGenericNotifyTake</name>
         <value>0x1a0b</value>
         <object_component_ref idref="oc-85"/>
      </symbol>
      <symbol id="sm-698">
         <name>xTaskGetApplicationTaskTag</name>
         <value>0xe95</value>
         <object_component_ref idref="oc-85"/>
      </symbol>
      <symbol id="sm-699">
         <name>xTaskCallApplicationTaskHook</name>
         <value>0xef7</value>
         <object_component_ref idref="oc-85"/>
      </symbol>
      <symbol id="sm-69a">
         <name>ulTaskGenericNotifyValueClear</name>
         <value>0x2205</value>
         <object_component_ref idref="oc-85"/>
      </symbol>
      <symbol id="sm-69b">
         <name>xTaskGenericNotifyWait</name>
         <value>0x1ac9</value>
         <object_component_ref idref="oc-85"/>
      </symbol>
      <symbol id="sm-69c">
         <name>pxCurrentTCB</name>
         <value>0x200023d8</value>
         <object_component_ref idref="oc-7f"/>
      </symbol>
      <symbol id="sm-69d">
         <name>vTaskSuspend</name>
         <value>0x5f9</value>
         <object_component_ref idref="oc-85"/>
      </symbol>
      <symbol id="sm-69e">
         <name>xTaskGetTickCountFromISR</name>
         <value>0xbc3</value>
         <object_component_ref idref="oc-85"/>
      </symbol>
      <symbol id="sm-69f">
         <name>vTaskResume</name>
         <value>0x775</value>
         <object_component_ref idref="oc-85"/>
      </symbol>
      <symbol id="sm-6a0">
         <name>uxTopUsedPriority</name>
         <value>0x5ff0</value>
         <object_component_ref idref="oc-112"/>
      </symbol>
      <symbol id="sm-6a1">
         <name>vTaskPlaceOnEventListRestricted</name>
         <value>0x1115</value>
         <object_component_ref idref="oc-85"/>
      </symbol>
      <symbol id="sm-6a2">
         <name>vTaskSetTimeOutState</name>
         <value>0x143f</value>
         <object_component_ref idref="oc-85"/>
      </symbol>
      <symbol id="sm-6a3">
         <name>xTaskIncrementTick</name>
         <value>0xc99</value>
         <object_component_ref idref="oc-85"/>
      </symbol>
      <symbol id="sm-6a4">
         <name>vTaskSwitchContext</name>
         <value>0xf45</value>
         <object_component_ref idref="oc-85"/>
      </symbol>
      <symbol id="sm-6a5">
         <name>uxTaskResetEventItemValue</name>
         <value>0x19c9</value>
         <object_component_ref idref="oc-85"/>
      </symbol>
      <symbol id="sm-6a6">
         <name>xTaskGetSchedulerState</name>
         <value>0x1609</value>
         <object_component_ref idref="oc-85"/>
      </symbol>
      <symbol id="sm-6a7">
         <name>xTaskResumeFromISR</name>
         <value>0x849</value>
         <object_component_ref idref="oc-85"/>
      </symbol>
      <symbol id="sm-6a8">
         <name>xTaskGetCurrentTaskHandle</name>
         <value>0x15f9</value>
         <object_component_ref idref="oc-85"/>
      </symbol>
      <symbol id="sm-6a9">
         <name>vTaskPlaceOnUnorderedEventList</name>
         <value>0x1075</value>
         <object_component_ref idref="oc-85"/>
      </symbol>
      <symbol id="sm-6aa">
         <name>xTaskRemoveFromEventList</name>
         <value>0x1199</value>
         <object_component_ref idref="oc-85"/>
      </symbol>
      <symbol id="sm-6ab">
         <name>xTaskPriorityInherit</name>
         <value>0x1639</value>
         <object_component_ref idref="oc-85"/>
      </symbol>
      <symbol id="sm-772">
         <name>xTimerGetTimerDaemonTaskHandle</name>
         <value>0x3fa5</value>
         <object_component_ref idref="oc-100"/>
      </symbol>
      <symbol id="sm-773">
         <name>pcTimerGetName</name>
         <value>0x40ad</value>
         <object_component_ref idref="oc-100"/>
      </symbol>
      <symbol id="sm-774">
         <name>xTimerCreateTimerTask</name>
         <value>0x3e49</value>
         <object_component_ref idref="oc-100"/>
      </symbol>
      <symbol id="sm-775">
         <name>xTimerGetExpiryTime</name>
         <value>0x407f</value>
         <object_component_ref idref="oc-100"/>
      </symbol>
      <symbol id="sm-776">
         <name>xTimerIsTimerActive</name>
         <value>0x44d5</value>
         <object_component_ref idref="oc-100"/>
      </symbol>
      <symbol id="sm-777">
         <name>xTimerGetPeriod</name>
         <value>0x3fc7</value>
         <object_component_ref idref="oc-100"/>
      </symbol>
      <symbol id="sm-778">
         <name>xTimerGetReloadMode</name>
         <value>0x4037</value>
         <object_component_ref idref="oc-100"/>
      </symbol>
      <symbol id="sm-779">
         <name>xTimerCreate</name>
         <value>0x3e87</value>
         <object_component_ref idref="oc-100"/>
      </symbol>
      <symbol id="sm-77a">
         <name>vTimerSetReloadMode</name>
         <value>0x3fed</value>
         <object_component_ref idref="oc-100"/>
      </symbol>
      <symbol id="sm-77b">
         <name>xTimerGenericCommand</name>
         <value>0x3f25</value>
         <object_component_ref idref="oc-100"/>
      </symbol>
      <symbol id="sm-77c">
         <name>uxTimerGetReloadMode</name>
         <value>0x4073</value>
         <object_component_ref idref="oc-100"/>
      </symbol>
      <symbol id="sm-77d">
         <name>pvTimerGetTimerID</name>
         <value>0x4511</value>
         <object_component_ref idref="oc-100"/>
      </symbol>
      <symbol id="sm-77e">
         <name>xTimerPendFunctionCallFromISR</name>
         <value>0x456d</value>
         <object_component_ref idref="oc-100"/>
      </symbol>
      <symbol id="sm-77f">
         <name>xTimerPendFunctionCall</name>
         <value>0x45a3</value>
         <object_component_ref idref="oc-100"/>
      </symbol>
      <symbol id="sm-780">
         <name>vTimerSetTimerID</name>
         <value>0x453f</value>
         <object_component_ref idref="oc-100"/>
      </symbol>
      <symbol id="sm-7d1">
         <name>ulMaxSyscallInterruptPriority</name>
         <value>0x5fe8</value>
         <object_component_ref idref="oc-82"/>
      </symbol>
      <symbol id="sm-7d2">
         <name>vPortSetupTimerInterrupt</name>
         <value>0x5189</value>
         <object_component_ref idref="oc-32"/>
      </symbol>
      <symbol id="sm-7d3">
         <name>vPortEndScheduler</name>
         <value>0x50d1</value>
         <object_component_ref idref="oc-32"/>
      </symbol>
      <symbol id="sm-7d4">
         <name>xPortSysTickHandler</name>
         <value>0x5163</value>
         <object_component_ref idref="oc-32"/>
      </symbol>
      <symbol id="sm-7d5">
         <name>vPortValidateInterruptPriority</name>
         <value>0x51a3</value>
         <object_component_ref idref="oc-32"/>
      </symbol>
      <symbol id="sm-7d6">
         <name>pxPortInitialiseStack</name>
         <value>0x4f8d</value>
         <object_component_ref idref="oc-32"/>
      </symbol>
      <symbol id="sm-7d7">
         <name>vPortExitCritical</name>
         <value>0x5137</value>
         <object_component_ref idref="oc-32"/>
      </symbol>
      <symbol id="sm-7d8">
         <name>xPortStartScheduler</name>
         <value>0x5019</value>
         <object_component_ref idref="oc-32"/>
      </symbol>
      <symbol id="sm-7d9">
         <name>vPortEnterCritical</name>
         <value>0x50f5</value>
         <object_component_ref idref="oc-32"/>
      </symbol>
      <symbol id="sm-7e8">
         <name>vPortStartFirstTask</name>
         <value>0x5b79</value>
         <object_component_ref idref="oc-2d"/>
      </symbol>
      <symbol id="sm-7e9">
         <name>ulPortGetIPSR</name>
         <value>0x5ae1</value>
         <object_component_ref idref="oc-2d"/>
      </symbol>
      <symbol id="sm-7ea">
         <name>vPortEnableVFP</name>
         <value>0x5b9d</value>
         <object_component_ref idref="oc-2d"/>
      </symbol>
      <symbol id="sm-7eb">
         <name>xPortPendSVHandler</name>
         <value>0x5af9</value>
         <object_component_ref idref="oc-2d"/>
      </symbol>
      <symbol id="sm-7ec">
         <name>vPortSVCHandler</name>
         <value>0x5b59</value>
         <object_component_ref idref="oc-2d"/>
      </symbol>
      <symbol id="sm-844">
         <name>vPortInitialiseBlocks</name>
         <value>0x542b</value>
         <object_component_ref idref="oc-ee"/>
      </symbol>
      <symbol id="sm-845">
         <name>xPortGetFreeHeapSize</name>
         <value>0x5425</value>
         <object_component_ref idref="oc-ee"/>
      </symbol>
      <symbol id="sm-846">
         <name>pvPortCalloc</name>
         <value>0x542d</value>
         <object_component_ref idref="oc-ee"/>
      </symbol>
      <symbol id="sm-847">
         <name>pvPortMalloc</name>
         <value>0x5241</value>
         <object_component_ref idref="oc-ee"/>
      </symbol>
      <symbol id="sm-848">
         <name>vPortFree</name>
         <value>0x5367</value>
         <object_component_ref idref="oc-ee"/>
      </symbol>
      <symbol id="sm-85c">
         <name>__aeabi_ddiv</name>
         <value>0x5695</value>
         <object_component_ref idref="oc-258"/>
      </symbol>
      <symbol id="sm-867">
         <name>__aeabi_dmul</name>
         <value>0x58f5</value>
         <object_component_ref idref="oc-253"/>
      </symbol>
      <symbol id="sm-871">
         <name>__aeabi_d2iz</name>
         <value>0x5ed9</value>
         <object_component_ref idref="oc-25d"/>
      </symbol>
      <symbol id="sm-88c">
         <name>memcpy</name>
         <value>0x5bab</value>
         <object_component_ref idref="oc-4c"/>
      </symbol>
      <symbol id="sm-88d">
         <name>__aeabi_memcpy</name>
         <value>0x5bab</value>
         <object_component_ref idref="oc-4c"/>
      </symbol>
      <symbol id="sm-88e">
         <name>__aeabi_memcpy8</name>
         <value>0x5bab</value>
         <object_component_ref idref="oc-4c"/>
      </symbol>
      <symbol id="sm-88f">
         <name>__aeabi_memcpy4</name>
         <value>0x5bab</value>
         <object_component_ref idref="oc-4c"/>
      </symbol>
      <symbol id="sm-899">
         <name>__aeabi_ui2d</name>
         <value>0x5f99</value>
         <object_component_ref idref="oc-24e"/>
      </symbol>
      <symbol id="sm-8a8">
         <name>__aeabi_memset</name>
         <value>0x5cdf</value>
         <object_component_ref idref="oc-c6"/>
      </symbol>
      <symbol id="sm-8a9">
         <name>memset</name>
         <value>0x5ce5</value>
         <object_component_ref idref="oc-c6"/>
      </symbol>
      <symbol id="sm-8aa">
         <name>__aeabi_memset8</name>
         <value>0x5cdf</value>
         <object_component_ref idref="oc-c6"/>
      </symbol>
      <symbol id="sm-8ab">
         <name>__aeabi_memset4</name>
         <value>0x5cdf</value>
         <object_component_ref idref="oc-c6"/>
      </symbol>
      <symbol id="sm-8ac">
         <name>__aeabi_memclr8</name>
         <value>0x5cdd</value>
         <object_component_ref idref="oc-c6"/>
      </symbol>
      <symbol id="sm-8ad">
         <name>__aeabi_memclr4</name>
         <value>0x5cdd</value>
         <object_component_ref idref="oc-c6"/>
      </symbol>
      <symbol id="sm-8ae">
         <name>__aeabi_memclr</name>
         <value>0x5cdd</value>
         <object_component_ref idref="oc-c6"/>
      </symbol>
      <symbol id="sm-8bc">
         <name>__aeabi_ldivmod</name>
         <value>0x5d57</value>
         <object_component_ref idref="oc-23d"/>
      </symbol>
      <symbol id="sm-8c9">
         <name>__aeabi_uldivmod</name>
         <value>0x5c47</value>
         <object_component_ref idref="oc-2b1"/>
      </symbol>
      <symbol id="sm-8e0">
         <name>__TI_zero_init</name>
         <value>0x5fc7</value>
         <object_component_ref idref="oc-5e"/>
      </symbol>
      <symbol id="sm-8f7">
         <name>__TI_decompress_none</name>
         <value>0x5fb9</value>
         <object_component_ref idref="oc-1b"/>
      </symbol>
      <symbol id="sm-91a">
         <name>__TI_decompress_lzss</name>
         <value>0x5dc5</value>
         <object_component_ref idref="oc-15"/>
      </symbol>
      <symbol id="sm-92d">
         <name>__stack</name>
         <value>0x200021d8</value>
         <object_component_ref idref="oc-24"/>
      </symbol>
      <symbol id="sm-92e">
         <name>_c_int00_noargs</name>
         <value>0x5f65</value>
         <object_component_ref idref="oc-6a"/>
      </symbol>
      <symbol id="sm-938">
         <name>__aeabi_idiv0</name>
         <value>0x334f</value>
         <object_component_ref idref="oc-2ac"/>
      </symbol>
      <symbol id="sm-939">
         <name>__aeabi_ldiv0</name>
         <value>0x334f</value>
         <object_component_ref idref="oc-2ac"/>
      </symbol>
      <symbol id="sm-961">
         <name>__TI_auto_init_nobinit_nopinit</name>
         <value>0x5f21</value>
         <object_component_ref idref="oc-19a"/>
      </symbol>
      <symbol id="sm-96b">
         <name>_system_pre_init</name>
         <value>0x5fdf</value>
         <object_component_ref idref="oc-cc"/>
      </symbol>
      <symbol id="sm-977">
         <name>C$$EXIT</name>
         <value>0x5fe3</value>
         <object_component_ref idref="oc-18e"/>
      </symbol>
      <symbol id="sm-978">
         <name>abort</name>
         <value>0x5fe3</value>
         <object_component_ref idref="oc-18e"/>
      </symbol>
      <symbol id="sm-97b">
         <name>__TI_static_base__</name>
         <value>0x0</value>
      </symbol>
      <symbol id="sm-97e">
         <name>__mpu_init</name>
         <value>0x0</value>
      </symbol>
      <symbol id="sm-97f">
         <name>_system_post_cinit</name>
         <value>0x0</value>
      </symbol>
   </symbol_table>
   <title>Link successful</title>
</link_info>
